nil=nil
false=false
true=true
integer-min=-9223372036854775808
integer-max=9223372036854775807
escaped-bytes="\x00\n\r\t \"\\~\x7f\x80\xff"
truncated-bytes="aaaaaaaaaaaaaaaaaaaaaaaaaaaaaaaaaaaaaaaaaaaaaaaaaaaaaaaaaaaaaaaa..." (65 bytes)
finite-integral=1.0
finite-fractional=3.141592653589793
positive-zero=0.0
negative-zero=-0.0
positive-infinity=inf
negative-infinity=-inf
nan=nan
